2026-10-09T16:53:30.493Z	Initializing build environment...
2026-10-09T16:53:33.833Z	Success: Finished initializing build environment
2026-10-09T16:53:35.185Z	Cloning repository...
2026-10-09T16:53:36.564Z	Restoring from dependencies cache
2026-10-09T16:53:36.565Z	Restoring from build output cache
2026-10-09T16:53:40.526Z	Detected the following tools from environment: nodejs@20.20.2, npm@10.9.2
2026-10-09T16:53:40.527Z	Installing nodejs 20.20.2
2026-10-09T16:53:44.006Z	Installing project dependencies: npm clean-install --progress=false
2026-10-09T16:53:44.538Z	npm warn EBADENGINE Unsupported engine {
2026-10-09T16:53:44.538Z	npm warn EBADENGINE   package: '@supabase/auth-js@2.117.3',
2026-10-09T16:53:44.538Z	npm warn EBADENGINE   required: { node: '>=22.0.0' },
2026-10-09T16:53:44.538Z	npm warn EBADENGINE   current: { node: 'v20.20.2', npm: '10.8.2' }
2026-10-09T16:53:44.538Z	npm warn EBADENGINE }
2026-10-09T16:53:44.538Z	npm warn EBADENGINE Unsupported engine {
2026-10-09T16:53:44.538Z	npm warn EBADENGINE   package: '@supabase/functions-js@2.117.3',
2026-10-09T16:53:44.538Z	npm warn EBADENGINE   required: { node: '>=22.0.0' },
2026-10-09T16:53:44.538Z	npm warn EBADENGINE   current: { node: 'v20.20.2', npm: '10.8.2' }
2026-10-09T16:53:44.539Z	npm warn EBADENGINE }
2026-10-09T16:53:44.539Z	npm warn EBADENGINE Unsupported engine {
2026-10-09T16:53:44.539Z	npm warn EBADENGINE   package: '@supabase/postgrest-js@2.117.3',
2026-10-09T16:53:44.539Z	npm warn EBADENGINE   required: { node: '>=22.0.0' },
2026-10-09T16:53:44.539Z	npm warn EBADENGINE   current: { node: 'v20.20.2', npm: '10.8.2' }
2026-10-09T16:53:44.539Z	npm warn EBADENGINE }
2026-10-09T16:53:44.539Z	npm warn EBADENGINE Unsupported engine {
2026-10-09T16:53:44.539Z	npm warn EBADENGINE   package: '@supabase/realtime-js@2.117.3',
2026-10-09T16:53:44.539Z	npm warn EBADENGINE   required: { node: '>=22.0.0' },
2026-10-09T16:53:44.539Z	npm warn EBADENGINE   current: { node: 'v20.20.2', npm: '10.8.2' }
2026-10-09T16:53:44.539Z	npm warn EBADENGINE }
2026-10-09T16:53:44.539Z	npm warn EBADENGINE Unsupported engine {
2026-10-09T16:53:44.539Z	npm warn EBADENGINE   package: '@supabase/storage-js@2.117.3',
2026-10-09T16:53:44.539Z	npm warn EBADENGINE   required: { node: '>=22.0.0' },
2026-10-09T16:53:44.539Z	npm warn EBADENGINE   current: { node: 'v20.20.2', npm: '10.8.2' }
2026-10-09T16:53:44.540Z	npm warn EBADENGINE }
2026-10-09T16:53:44.541Z	npm warn EBADENGINE Unsupported engine {
2026-10-09T16:53:44.541Z	npm warn EBADENGINE   package: '@supabase/supabase-js@2.117.3',
2026-10-09T16:53:44.541Z	npm warn EBADENGINE   required: { node: '>=22.0.0' },
2026-10-09T16:53:44.541Z	npm warn EBADENGINE   current: { node: 'v20.20.2', npm: '10.8.2' }
2026-10-09T16:53:44.541Z	npm warn EBADENGINE }
2026-10-09T16:53:47.129Z	npm warn deprecated sourcemap-codec@1.4.8: Please use @jridgewell/sourcemap-codec instead
2026-10-09T16:53:47.187Z	npm warn deprecated rollup-plugin-inject@3.0.2: This package has been deprecated and is no longer maintained. Please use @rollup/plugin-inject.
2026-10-09T16:53:50.605Z	npm warn deprecated tsconfck@3.1.6: unmaintained
2026-10-09T16:53:52.030Z	npm warn deprecated astro-integration-kit@0.16.1: Check the migration guide: https://astro-integration-kit.netlify.app/migration-guide/
2026-10-09T16:53:54.490Z	
2026-10-09T16:53:54.490Z	added 417 packages in 10s
2026-10-09T16:53:54.490Z	
2026-10-09T16:53:54.490Z	157 packages are looking for funding
2026-10-09T16:53:54.490Z	  run `npm fund` for details
2026-10-09T16:53:54.806Z	Executing user build command: npm run build
2026-10-09T16:53:55.037Z	
2026-10-09T16:53:55.038Z	> thermalpos-pro-astro@1.0.0 build
2026-10-09T16:53:55.038Z	> astro build
2026-10-09T16:53:55.038Z	
2026-10-09T16:53:56.401Z	16:53:56 [types] Generated 56ms
2026-10-09T16:53:56.401Z	16:53:56 [build] output: "server"
2026-10-09T16:53:56.401Z	16:53:56 [build] directory: /opt/buildhome/repo/dist/
2026-10-09T16:53:56.402Z	16:53:56 [build] adapter: @astrojs/cloudflare
2026-10-09T16:53:56.402Z	16:53:56 [build] Collecting build info...
2026-10-09T16:53:56.402Z	16:53:56 [build] ✓ Completed in 77ms.
2026-10-09T16:53:56.402Z	16:53:56 [build] Building server entrypoints...
2026-10-09T16:53:58.366Z	Generated an empty chunk: "astro/env-setup".
2026-10-09T16:53:58.484Z	16:53:58 [vite] ✓ built in 2.05s
2026-10-09T16:53:58.485Z	16:53:58 [build] ✓ Completed in 2.08s.
2026-10-09T16:53:58.486Z	
2026-10-09T16:53:58.486Z	 building client (vite) 
2026-10-09T16:53:58.492Z	16:53:58 [vite] transforming...
2026-10-09T16:53:59.031Z	16:53:59 [vite] ✓ 52 modules transformed.
2026-10-09T16:53:59.068Z	16:53:59 [vite] rendering chunks...
2026-10-09T16:53:59.162Z	16:53:59 [vite] computing gzip size...
2026-10-09T16:53:59.173Z	16:53:59 [vite] dist/_astro/hoisted.CDZGz40s.js         2.77 kB │ gzip:  1.04 kB
2026-10-09T16:53:59.173Z	16:53:59 [vite] dist/_astro/hoisted.My5vP8Gd.js        42.45 kB │ gzip: 13.34 kB
2026-10-09T16:53:59.173Z	16:53:59 [vite] dist/_astro/auth-service.ByI8CJBu.js  228.22 kB │ gzip: 59.81 kB
2026-10-09T16:53:59.173Z	16:53:59 [vite] ✓ built in 680ms
2026-10-09T16:53:59.187Z	16:53:59 [build] Rearranging server assets...
2026-10-09T16:53:59.190Z	16:53:59 [build] Server built in 2.87s
2026-10-09T16:53:59.191Z	16:53:59 [build] Complete!
2026-10-09T16:53:59.222Z	Success: Build command completed
2026-10-09T16:53:59.533Z	Executing user deploy command: npx wrangler deploy
2026-10-09T16:54:00.694Z	
2026-10-09T16:54:00.694Z	 ⛅️ wrangler 3.114.17 (update available 4.149.0)
2026-10-09T16:54:00.694Z	------------------------------------------------
2026-10-09T16:54:00.694Z	
2026-10-09T16:54:00.730Z	▲ [WARNING] The version of Wrangler you are using is now out-of-date.
2026-10-09T16:54:00.730Z	
2026-10-09T16:54:00.730Z	  Please update to the latest version to prevent critical errors.
2026-10-09T16:54:00.730Z	  Run `npm install --save-dev wrangler@4` to update to the latest version.
2026-10-09T16:54:00.730Z	  After installation, run Wrangler with `npx wrangler`.
2026-10-09T16:54:00.730Z	
2026-10-09T16:54:00.730Z	
2026-10-09T16:54:00.735Z	
2026-10-09T16:54:00.736Z	✘ [ERROR] It looks like you've run a Workers-specific command in a Pages project.
2026-10-09T16:54:00.736Z	
2026-10-09T16:54:00.736Z	  For Pages, please run `wrangler pages deploy` instead.
2026-10-09T16:54:00.736Z	
2026-10-09T16:54:00.736Z	
2026-10-09T16:54:00.737Z	
2026-10-09T16:54:00.737Z	Cloudflare collects anonymous telemetry about your usage of Wrangler. Learn more at https://github.com/cloudflare/workers-sdk/tree/main/packages/wrangler/telemetry.md
2026-10-09T16:54:00.743Z	🪵  Logs were written to "/opt/buildhome/.config/.wrangler/logs/wrangler-2026-10-09_16-54-00_157.log"
2026-10-09T16:54:00.772Z	Failed: error occurred while running deploy command